Archive member included to satisfy reference by file (symbol)

c:/nxp/mcuxpressoide_10.1.1_606/ide/tools/bin/../lib/gcc/arm-none-eabi/6.3.1/../../../../arm-none-eabi/lib/thumb/v6-m\libcr_semihost_nf.a(_cr__main.o)
                              ./startup/startup_mkl43z4.o (__main)
c:/nxp/mcuxpressoide_10.1.1_606/ide/tools/bin/../lib/gcc/arm-none-eabi/6.3.1/../../../../arm-none-eabi/lib/thumb/v6-m\libcr_semihost_nf.a(_cr_assert.o)
                              ./utilities/fsl_debug_console.o (__assertion_failed)
c:/nxp/mcuxpressoide_10.1.1_606/ide/tools/bin/../lib/gcc/arm-none-eabi/6.3.1/../../../../arm-none-eabi/lib/thumb/v6-m\libcr_semihost_nf.a(__ciob.o)
                              c:/nxp/mcuxpressoide_10.1.1_606/ide/tools/bin/../lib/gcc/arm-none-eabi/6.3.1/../../../../arm-none-eabi/lib/thumb/v6-m\libcr_semihost_nf.a(_cr_assert.o) (__Ciob)
c:/nxp/mcuxpressoide_10.1.1_606/ide/tools/bin/../lib/gcc/arm-none-eabi/6.3.1/../../../../arm-none-eabi/lib/thumb/v6-m\libcr_semihost_nf.a(__sys_appexit.o)
                              c:/nxp/mcuxpressoide_10.1.1_606/ide/tools/bin/../lib/gcc/arm-none-eabi/6.3.1/../../../../arm-none-eabi/lib/thumb/v6-m\libcr_semihost_nf.a(_cr_assert.o) (__sys_appexit)
c:/nxp/mcuxpressoide_10.1.1_606/ide/tools/bin/../lib/gcc/arm-none-eabi/6.3.1/../../../../arm-none-eabi/lib/thumb/v6-m\libcr_c.a(memcpy.o)
                              ./drivers/fsl_flash.o (memcpy)
c:/nxp/mcuxpressoide_10.1.1_606/ide/tools/bin/../lib/gcc/arm-none-eabi/6.3.1/../../../../arm-none-eabi/lib/thumb/v6-m\libcr_c.a(memset.o)
                              ./drivers/fsl_flash.o (memset)
c:/nxp/mcuxpressoide_10.1.1_606/ide/tools/bin/../lib/gcc/arm-none-eabi/6.3.1/../../../../arm-none-eabi/lib/thumb/v6-m\libcr_c.a(_deferredlazyseek.o)
                              c:/nxp/mcuxpressoide_10.1.1_606/ide/tools/bin/../lib/gcc/arm-none-eabi/6.3.1/../../../../arm-none-eabi/lib/thumb/v6-m\libcr_semihost_nf.a(_cr_assert.o) (__flsbuf)
c:/nxp/mcuxpressoide_10.1.1_606/ide/tools/bin/../lib/gcc/arm-none-eabi/6.3.1/../../../../arm-none-eabi/lib/thumb/v6-m\libcr_c.a(_fflush.o)
                              c:/nxp/mcuxpressoide_10.1.1_606/ide/tools/bin/../lib/gcc/arm-none-eabi/6.3.1/../../../../arm-none-eabi/lib/thumb/v6-m\libcr_c.a(_deferredlazyseek.o) (_fflush)
c:/nxp/mcuxpressoide_10.1.1_606/ide/tools/bin/../lib/gcc/arm-none-eabi/6.3.1/../../../../arm-none-eabi/lib/thumb/v6-m\libcr_c.a(_writebuf.o)
                              c:/nxp/mcuxpressoide_10.1.1_606/ide/tools/bin/../lib/gcc/arm-none-eabi/6.3.1/../../../../arm-none-eabi/lib/thumb/v6-m\libcr_c.a(_deferredlazyseek.o) (_Cwritebuf)
c:/nxp/mcuxpressoide_10.1.1_606/ide/tools/bin/../lib/gcc/arm-none-eabi/6.3.1/../../../../arm-none-eabi/lib/thumb/v6-m\libcr_c.a(alloc.o)
                              c:/nxp/mcuxpressoide_10.1.1_606/ide/tools/bin/../lib/gcc/arm-none-eabi/6.3.1/../../../../arm-none-eabi/lib/thumb/v6-m\libcr_c.a(_deferredlazyseek.o) (_Csys_alloc)
c:/nxp/mcuxpressoide_10.1.1_606/ide/tools/bin/../lib/gcc/arm-none-eabi/6.3.1/../../../../arm-none-eabi/lib/thumb/v6-m\libcr_c.a(fputs.o)
                              c:/nxp/mcuxpressoide_10.1.1_606/ide/tools/bin/../lib/gcc/arm-none-eabi/6.3.1/../../../../arm-none-eabi/lib/thumb/v6-m\libcr_semihost_nf.a(_cr_assert.o) (fputs)
c:/nxp/mcuxpressoide_10.1.1_606/ide/tools/bin/../lib/gcc/arm-none-eabi/6.3.1/../../../../arm-none-eabi/lib/thumb/v6-m\libcr_c.a(fseek.o)
                              c:/nxp/mcuxpressoide_10.1.1_606/ide/tools/bin/../lib/gcc/arm-none-eabi/6.3.1/../../../../arm-none-eabi/lib/thumb/v6-m\libcr_c.a(_deferredlazyseek.o) (fseek)
c:/nxp/mcuxpressoide_10.1.1_606/ide/tools/bin/../lib/gcc/arm-none-eabi/6.3.1/../../../../arm-none-eabi/lib/thumb/v6-m\libcr_c.a(ftell.o)
                              c:/nxp/mcuxpressoide_10.1.1_606/ide/tools/bin/../lib/gcc/arm-none-eabi/6.3.1/../../../../arm-none-eabi/lib/thumb/v6-m\libcr_c.a(fseek.o) (ftell)
c:/nxp/mcuxpressoide_10.1.1_606/ide/tools/bin/../lib/gcc/arm-none-eabi/6.3.1/../../../../arm-none-eabi/lib/thumb/v6-m\libcr_c.a(initio.o)
                              c:/nxp/mcuxpressoide_10.1.1_606/ide/tools/bin/../lib/gcc/arm-none-eabi/6.3.1/../../../../arm-none-eabi/lib/thumb/v6-m\libcr_semihost_nf.a(_cr__main.o) (_initio)
c:/nxp/mcuxpressoide_10.1.1_606/ide/tools/bin/../lib/gcc/arm-none-eabi/6.3.1/../../../../arm-none-eabi/lib/thumb/v6-m\libcr_c.a(setvbuf.o)
                              c:/nxp/mcuxpressoide_10.1.1_606/ide/tools/bin/../lib/gcc/arm-none-eabi/6.3.1/../../../../arm-none-eabi/lib/thumb/v6-m\libcr_c.a(initio.o) (setvbuf)
c:/nxp/mcuxpressoide_10.1.1_606/ide/tools/bin/../lib/gcc/arm-none-eabi/6.3.1/../../../../arm-none-eabi/lib/thumb/v6-m\libcr_c.a(strlen.o)
                              ./utilities/fsl_str.o (strlen)
c:/nxp/mcuxpressoide_10.1.1_606/ide/tools/bin/../lib/gcc/arm-none-eabi/6.3.1/../../../../arm-none-eabi/lib/thumb/v6-m\libcr_c.a(__init_alloc.o)
[...]
Memory Configuration

Name             Origin             Length             Attributes
PROGRAM_FLASH    0x00000000         0x00040000         xr
SRAM             0x1fffe000         0x00008000         xrw
*default*        0x00000000         0xffffffff

Linker script and memory map

LOAD ./utilities/fsl_debug_console.o
LOAD ./utilities/fsl_io.o
LOAD ./utilities/fsl_log.o
LOAD ./utilities/fsl_str.o
LOAD ./startup/startup_mkl43z4.o
LOAD ./source/Project_Complete.o
LOAD ./source/mtb.o
LOAD ./source/semihost_hardfault.o
LOAD ./drivers/fsl_clock.o
LOAD ./drivers/fsl_common.o
LOAD ./drivers/fsl_flash.o
LOAD ./drivers/fsl_gpio.o
LOAD ./drivers/fsl_lpuart.o
LOAD ./drivers/fsl_smc.o
LOAD ./drivers/fsl_uart.o
LOAD ./board/board.o
LOAD ./board/clock_config.o
LOAD ./board/peripherals.o
LOAD ./board/pin_mux.o
LOAD ./CMSIS/system_MKL43Z4.o
START GROUP
LOAD c:/nxp/mcuxpressoide_10.1.1_606/ide/tools/bin/../lib/gcc/arm-none-eabi/6.3.1/../../../../arm-none-eabi/lib/thumb/v6-m\libcr_semihost_nf.a
LOAD c:/nxp/mcuxpressoide_10.1.1_606/ide/tools/bin/../lib/gcc/arm-none-eabi/6.3.1/../../../../arm-none-eabi/lib/thumb/v6-m\libcr_c.a
LOAD c:/nxp/mcuxpressoide_10.1.1_606/ide/tools/bin/../lib/gcc/arm-none-eabi/6.3.1/thumb/v6-m\libcr_eabihelpers.a
END GROUP
                0x00000000                __base_PROGRAM_FLASH = 0x0
                0x00000000                __base_Flash = 0x0
                0x00040000                __top_PROGRAM_FLASH = 0x40000
                0x00040000                __top_Flash = 0x40000
                0x1fffe000                __base_SRAM = 0x1fffe000
                0x1fffe000                __base_RAM = 0x1fffe000
                0x20006000                __top_SRAM = 0x20006000
                0x20006000                __top_RAM = 0x20006000

.text           0x00000000     0x6ce8
 FILL mask 0xff
                0x00000000                __vectors_start__ = ABSOLUTE (.)
 *(.isr_vector)
 .isr_vector    0x00000000       0xc0 ./startup/startup_mkl43z4.o
                0x00000000                g_pfnVectors
                0x00000000                __Vectors
                0x000000c0                . = ALIGN (0x4)
                0x000000c0                __section_table_start = .
                0x000000c0                __data_section_table = .
                0x000000c0        0x4 LONG 0x6ce8 LOADADDR (.data)
                0x000000c4        0x4 LONG 0x1fffe080 ADDR (.data)
                0x000000c8        0x4 LONG 0x18 SIZEOF (.data)
                0x000000cc                __data_section_table_end = .
                0x000000cc                __bss_section_table = .
                0x000000cc        0x4 LONG 0x1fffe098 ADDR (.bss)
                0x000000d0        0x4 LONG 0x190 SIZEOF (.bss)
                0x000000d4                __bss_section_table_end = .
                0x000000d4                __section_table_end = .
 *(.after_vectors*)
 .after_vectors.init_data
                0x000000d4       0x16 ./startup/startup_mkl43z4.o
                0x000000d4                data_init
 .after_vectors.init_bss
                0x000000ea       0x12 ./startup/startup_mkl43z4.o
                0x000000ea                bss_init
 .after_vectors.reset
                0x000000fc       0x4c ./startup/startup_mkl43z4.o
                0x000000fc                ResetISR
 .after_vectors
                0x00000148      0x10c ./startup/startup_mkl43z4.o
                0x00000148                NMI_Handler
                0x0000014c                SVC_Handler
                0x0000014e                PendSV_Handler
                0x00000150                SysTick_Handler
                0x00000152                PIT_DriverIRQHandler
                0x00000152                LPTMR0_DriverIRQHandler
                0x00000152                Reserved42_DriverIRQHandler
                0x00000152                PORTC_PORTD_DriverIRQHandler
                0x00000152                DMA0_DriverIRQHandler
                0x00000152                I2C0_DriverIRQHandler
                0x00000152                SPI1_DriverIRQHandler
                0x00000152                Reserved43_DriverIRQHandler
                0x00000152                I2S0_DriverIRQHandler
                0x00000152                DMA2_DriverIRQHandler
                0x00000152                TPM2_DriverIRQHandler
                0x00000152                CMP0_DriverIRQHandler
                0x00000152                ADC0_DriverIRQHandler
                0x00000152                SPI0_DriverIRQHandler
                0x00000152                RTC_Seconds_DriverIRQHandler
                0x00000152                LLWU_DriverIRQHandler
                0x00000152                I2C1_DriverIRQHandler
                0x00000152                DMA1_DriverIRQHandler
                0x00000152                PMC_DriverIRQHandler
                0x00000152                FTFA_DriverIRQHandler
                0x00000152                IntDefaultHandler
                0x00000152                USB0_DriverIRQHandler
                0x00000152                DAC0_DriverIRQHandler
                0x00000152                TPM0_DriverIRQHandler
                0x00000152                LCD_DriverIRQHandler
                0x00000152                RTC_DriverIRQHandler
                0x00000152                TPM1_DriverIRQHandler
                0x00000152                PORTA_DriverIRQHandler
                0x00000152                Reserved20_DriverIRQHandler
                0x00000152                DMA3_DriverIRQHandler
                0x00000152                UART2_FLEXIO_DriverIRQHandler
                0x00000154                DMA0_IRQHandler
                0x0000015c                DMA1_IRQHandler
                0x00000164                DMA2_IRQHandler
                0x0000016c                DMA3_IRQHandler
                0x00000174                Reserved20_IRQHandler
                0x0000017c                FTFA_IRQHandler
                0x00000184                PMC_IRQHandler
                0x0000018c                LLWU_IRQHandler
                0x00000194                I2C0_IRQHandler
                0x0000019c                I2C1_IRQHandler
                0x000001a4                SPI0_IRQHandler
                0x000001ac                SPI1_IRQHandler
                0x000001b4                LPUART0_IRQHandler
                0x000001bc                LPUART1_IRQHandler
                0x000001c4                UART2_FLEXIO_IRQHandler
                0x000001cc                ADC0_IRQHandler
                0x000001d4                CMP0_IRQHandler
                0x000001dc                TPM0_IRQHandler
                0x000001e4                TPM1_IRQHandler
                0x000001ec                TPM2_IRQHandler
                0x000001f4                RTC_IRQHandler
                0x000001fc                RTC_Seconds_IRQHandler
                0x00000204                PIT_IRQHandler
                0x0000020c                I2S0_IRQHandler
                0x00000214                USB0_IRQHandler
                0x0000021c                DAC0_IRQHandler
                0x00000224                Reserved42_IRQHandler
                0x0000022c                Reserved43_IRQHandler
                0x00000234                LPTMR0_IRQHandler
                0x0000023c                LCD_IRQHandler
                0x00000400                . = 0x400
 *fill*         0x00000254      0x1ac ff
                0x00000400                PROVIDE (__FLASH_CONFIG_START__, .)
 *(.FlashConfig)
 .FlashConfig   0x00000400       0x10 ./startup/startup_mkl43z4.o
                0x00000400                Flash_Config
                0x00000410                PROVIDE (__FLASH_CONFIG_END__, .)
                0x00000001                ASSERT (! ((__FLASH_CONFIG_START__ == __FLASH_CONFIG_END__)), Linker Flash Config Support Enabled, but no .FlashConfig section provided within application)
 *(.text*)
 .text          0x00000410       0x60 ./utilities/fsl_debug_console.o
                0x00000410                DbgConsole_Init
                0x00000450                DbgConsole_Deinit
                0x00000460                DbgConsole_Flush
 .text          0x00000470      0x2f8 ./utilities/fsl_io.o
                0x00000570                IO_Init
                0x00000638                IO_Deinit
                0x0000068c                IO_WaitIdle
                0x000006d8                IO_Transfer
 .text          0x00000768      0x1ec ./utilities/fsl_log.o
                0x00000768                LOG_Init
                0x000007a8                LOG_Deinit
                0x000007b6                LOG_WaitIdle
                0x000007c6                LOG_Push
                0x000007f8                LOG_Pop
                0x00000846                LOG_ReadLine
                0x000008ec                LOG_ReadCharacter
 .text          0x00000954      0x728 ./source/Project_Complete.o
                0x00000adc                main
                0x00000d88                PORTC_PORTD_IRQHandler
                0x00000e30                PORTA_IRQHandler
                0x00000e94                move1
                0x00000f0c                move2
                0x00000f84                clockwise1
                0x00000fb4                anticlockwise1
                0x00000fe0                clockwise2
                0x00001010                anticlockwise2
                0x0000103c                delay
 .text          0x0000107c       0x2c ./source/semihost_hardfault.o
                0x0000107c                HardFault_Handler
 .text          0x000010a8      0x820 ./drivers/fsl_clock.o
                0x00001270                CLOCK_GetOsc0ErClkFreq
                0x000012ac                CLOCK_GetEr32kClkFreq
                0x00001320                CLOCK_GetPlatClkFreq
                0x0000134c                CLOCK_GetFlashClkFreq
                0x0000139c                CLOCK_GetBusClkFreq
                0x000013ec                CLOCK_GetCoreSysClkFreq
                0x00001418                CLOCK_GetFreq
                0x000014d8                CLOCK_SetSimConfig
                0x00001504                CLOCK_EnableUsbfs0Clock
                0x000015a0                CLOCK_GetInternalRefClkFreq
                0x000015e8                CLOCK_GetPeriphClkFreq
                0x0000161c                CLOCK_GetOutClkFreq
                0x00001694                CLOCK_GetMode
                0x000016f8                CLOCK_SetMcgliteConfig
                0x00001808                CLOCK_InitOsc0
                0x000018a0                CLOCK_DeinitOsc0
 .text          0x000018c8     0x1278 ./drivers/fsl_flash.o
                0x000018c8                FLASH_Init
                0x00001990                FLASH_PrepareExecuteInRamFunctions
                0x000019d4                FLASH_EraseAll
                0x00001a34                FLASH_Erase
                0x00001b1c                FLASH_EraseAllUnsecure
                0x00001b7c                FLASH_EraseAllExecuteOnlySegments
                0x00001bdc                FLASH_Program
                0x00001cd4                FLASH_ProgramOnce
                0x00001d60                FLASH_ReadResource
                0x00001e60                FLASH_ReadOnce
                0x00001ee0                FLASH_GetSecurityState
                0x00001f50                FLASH_SecurityBypass
                0x00002000                FLASH_VerifyEraseAll
                0x00002040                FLASH_VerifyErase
                0x00002150                FLASH_VerifyProgram
                0x0000223c                FLASH_VerifyEraseAllExecuteOnlySegments
                0x0000227c                FLASH_IsProtected
                0x00002538                FLASH_IsExecuteOnly
                0x0000257a                FLASH_GetProperty
                0x00002638                FLASH_SetProperty
                0x0000267a                FLASH_PflashSetProtection
                0x000026b4                FLASH_PflashGetProtection
                0x000026e4                FLASH_PflashSetPrefetchSpeculation
                0x0000275c                FLASH_PflashGetPrefetchSpeculation
                0x00002894                mcm_flash_cache_clear
                0x000028c0                flash_cache_clear
 .text          0x00002b40     0x1224 ./drivers/fsl_lpuart.o
                0x00002c14                LPUART_GetInstance
                0x00002c60                LPUART_TransferGetRxRingBufferLength
                0x00002da8                LPUART_Init
                0x0000305c                LPUART_Deinit
                0x000030c8                LPUART_GetDefaultConfig
                0x00003124                LPUART_SetBaudRate
                0x000032b8                LPUART_EnableInterrupts
                0x000032f2                LPUART_DisableInterrupts
                0x00003330                LPUART_GetEnabledInterrupts
                0x00003360                LPUART_GetStatusFlags
                0x00003378                LPUART_ClearStatusFlags
                0x00003400                LPUART_WriteBlocking
                0x0000344c                LPUART_ReadBlocking
                0x00003524                LPUART_TransferCreateHandle
                0x000035b0                LPUART_TransferStartRingBuffer
                0x00003610                LPUART_TransferStopRingBuffer
                0x00003668                LPUART_TransferSendNonBlocking
                0x00003714                LPUART_TransferAbortSend
                0x00003754                LPUART_TransferGetSendCount
                0x000037ac                LPUART_TransferReceiveNonBlocking
                0x00003964                LPUART_TransferAbortReceive
                0x000039ac                LPUART_TransferGetReceiveCount
                0x00003a04                LPUART_TransferHandleIRQ
                0x00003d08                LPUART_TransferHandleErrorIRQ
                0x00003d1a                LPUART0_DriverIRQHandler
                0x00003d40                LPUART1_DriverIRQHandler
 .text          0x00003d64      0x450 ./drivers/fsl_smc.o
                0x00003d9a                SMC_PreEnterStopModes
                0x00003dd0                SMC_PostExitStopModes
                0x00003e04                SMC_PreEnterWaitModes
                0x00003e20                SMC_PostExitWaitModes
                0x00003e3c                SMC_SetPowerModeRun
                0x00003e7e                SMC_SetPowerModeWait
                0x00003eac                SMC_SetPowerModeStop
                0x00003f64                SMC_SetPowerModeVlpr
                0x00003faa                SMC_SetPowerModeVlpw
                0x00003fd8                SMC_SetPowerModeVlps
                0x00004054                SMC_SetPowerModeLls
                0x000040d0                SMC_SetPowerModeVlls
 .text          0x000041b4     0x127c ./drivers/fsl_uart.o
                0x00004288                UART_GetInstance
                0x000042dc                UART_TransferGetRxRingBufferLength
                0x0000438c                UART_Init
                0x000045a4                UART_Deinit
                0x000045e4                UART_GetDefaultConfig
                0x00004628                UART_SetBaudRate
                0x00004774                UART_EnableInterrupts
                0x000047cc                UART_DisableInterrupts
                0x00004830                UART_GetEnabledInterrupts
                0x00004868                UART_GetStatusFlags
                0x0000488e                UART_ClearStatusFlags
                0x00004910                UART_WriteBlocking
                0x00004990                UART_ReadBlocking
                0x00004a70                UART_TransferCreateHandle
                0x00004afc                UART_TransferStartRingBuffer
                0x00004b7c                UART_TransferStopRingBuffer
                0x00004bf0                UART_TransferSendNonBlocking
                0x00004c98                UART_TransferAbortSend
                0x00004cd8                UART_TransferGetSendCount
                0x00004d30                UART_TransferReceiveNonBlocking
                0x00004f00                UART_TransferAbortReceive
                0x00004f68                UART_TransferGetReceiveCount
                0x00004fcc                UART_TransferHandleIRQ
                0x000053e8                UART_TransferHandleErrorIRQ
                0x000053fa                UART2_DriverIRQHandler
                0x00005420                UART2_RX_TX_DriverIRQHandler
 .text          0x00005430       0x6c ./board/board.o
                0x00005468                BOARD_InitDebugConsole
 .text          0x0000549c       0xf4 ./board/clock_config.o
                0x000054f0                BOARD_InitBootClocks
                0x000054fe                BOARD_BootClockRUN
                0x00005534                BOARD_BootClockVLPR
 .text          0x00005590        0xa ./board/peripherals.o
                0x00005590                BOARD_InitBootPeripherals
 *fill*         0x0000559a        0x2 ff
 .text          0x0000559c       0xd0 ./board/pin_mux.o
                0x00005614                BOARD_InitBootPins
                0x00005622                BOARD_InitPins
 .text          0x0000566c       0xe4 ./CMSIS/system_MKL43Z4.o
                0x0000566c                SystemInit
                0x000056a8                SystemCoreClockUpdate
 .text.__main   0x00005750        0xc c:/nxp/mcuxpressoide_10.1.1_606/ide/tools/bin/../lib/gcc/arm-none-eabi/6.3.1/../../../../arm-none-eabi/lib/thumb/v6-m\libcr_semihost_nf.a(_cr__main.o)
                0x00005750                __CR_SEMIHOST
                0x00005750                __main
 .text.__assertion_failed
                0x0000575c       0x4c c:/nxp/mcuxpressoide_10.1.1_606/ide/tools/bin/../lib/gcc/arm-none-eabi/6.3.1/../../../../arm-none-eabi/lib/thumb/v6-m\libcr_semihost_nf.a(_cr_assert.o)
                0x0000575c                __assertion_failed
 .text.__sys_appexit
                0x000057a8        0xc c:/nxp/mcuxpressoide_10.1.1_606/ide/tools/bin/../lib/gcc/arm-none-eabi/6.3.1/../../../../arm-none-eabi/lib/thumb/v6-m\libcr_semihost_nf.a(__sys_appexit.o)
                0x000057a8                __sys_appexit
                0x000057a8                __exit
 .text.memcpy   0x000057b4        0x8 c:/nxp/mcuxpressoide_10.1.1_606/ide/tools/bin/../lib/gcc/arm-none-eabi/6.3.1/../../../../arm-none-eabi/lib/thumb/v6-m\libcr_c.a(memcpy.o)
                0x000057b4                memcpy
 .text.memset   0x000057bc        0x8 c:/nxp/mcuxpressoide_10.1.1_606/ide/tools/bin/../lib/gcc/arm-none-eabi/6.3.1/../../../../arm-none-eabi/lib/thumb/v6-m\libcr_c.a(memset.o)
                0x000057bc                memset
 .text._deferredlazyseek
                0x000057c4       0x40 c:/nxp/mcuxpressoide_10.1.1_606/ide/tools/bin/../lib/gcc/arm-none-eabi/6.3.1/../../../../arm-none-eabi/lib/thumb/v6-m\libcr_c.a(_deferredlazyseek.o)
                0x000057c4                _deferredlazyseek
 .text.__flsbuf
                0x00005804      0x150 c:/nxp/mcuxpressoide_10.1.1_606/ide/tools/bin/../lib/gcc/arm-none-eabi/6.3.1/../../../../arm-none-eabi/lib/thumb/v6-m\libcr_c.a(_deferredlazyseek.o)
                0x00005804                __flsbuf
 .text._fflush  0x00005954       0x5c c:/nxp/mcuxpressoide_10.1.1_606/ide/tools/bin/../lib/gcc/arm-none-eabi/6.3.1/../../../../arm-none-eabi/lib/thumb/v6-m\libcr_c.a(_fflush.o)
                0x00005954                _fflush
 .text._Cwritebuf
                0x000059b0       0x68 c:/nxp/mcuxpressoide_10.1.1_606/ide/tools/bin/../lib/gcc/arm-none-eabi/6.3.1/../../../../arm-none-eabi/lib/thumb/v6-m\libcr_c.a(_writebuf.o)
                0x000059b0                _Cwritebuf
 .text.malloc   0x00005a18       0xcc c:/nxp/mcuxpressoide_10.1.1_606/ide/tools/bin/../lib/gcc/arm-none-eabi/6.3.1/../../../../arm-none-eabi/lib/thumb/v6-m\libcr_c.a(alloc.o)
                0x00005a18                malloc
 .text.free     0x00005ae4       0x2c c:/nxp/mcuxpressoide_10.1.1_606/ide/tools/bin/../lib/gcc/arm-none-eabi/6.3.1/../../../../arm-none-eabi/lib/thumb/v6-m\libcr_c.a(alloc.o)
                0x00005ae4                free
 .text._Csys_alloc
                0x00005b10       0x20 c:/nxp/mcuxpressoide_10.1.1_606/ide/tools/bin/../lib/gcc/arm-none-eabi/6.3.1/../../../../arm-none-eabi/lib/thumb/v6-m\libcr_c.a(alloc.o)
                0x00005b10                _Csys_alloc
 .text.fputs    0x00005b30       0x2e c:/nxp/mcuxpressoide_10.1.1_606/ide/tools/bin/../lib/gcc/arm-none-eabi/6.3.1/../../../../arm-none-eabi/lib/thumb/v6-m\libcr_c.a(fputs.o)
                0x00005b30                fputs
 *fill*         0x00005b5e        0x2 ff
 .text.fseek    0x00005b60       0xf0 c:/nxp/mcuxpressoide_10.1.1_606/ide/tools/bin/../lib/gcc/arm-none-eabi/6.3.1/../../../../arm-none-eabi/lib/thumb/v6-m\libcr_c.a(fseek.o)
                0x00005b60                fseek
 .text.ftell    0x00005c50       0x48 c:/nxp/mcuxpressoide_10.1.1_606/ide/tools/bin/../lib/gcc/arm-none-eabi/6.3.1/../../../../arm-none-eabi/lib/thumb/v6-m\libcr_c.a(ftell.o)
                0x00005c50                ftell
 .text._initio  0x00005c98       0x7c c:/nxp/mcuxpressoide_10.1.1_606/ide/tools/bin/../lib/gcc/arm-none-eabi/6.3.1/../../../../arm-none-eabi/lib/thumb/v6-m\libcr_c.a(initio.o)
                0x00005c98                _initio
 .text.setvbuf  0x00005d14       0x48 c:/nxp/mcuxpressoide_10.1.1_606/ide/tools/bin/../lib/gcc/arm-none-eabi/6.3.1/../../../../arm-none-eabi/lib/thumb/v6-m\libcr_c.a(setvbuf.o)
                0x00005d14                setvbuf
 .text.strlen   0x00005d5c       0x58 c:/nxp/mcuxpressoide_10.1.1_606/ide/tools/bin/../lib/gcc/arm-none-eabi/6.3.1/../../../../arm-none-eabi/lib/thumb/v6-m\libcr_c.a(strlen.o)
                0x00005d5c                strlen
 .text._sbrk    0x00005db4       0x40 c:/nxp/mcuxpressoide_10.1.1_606/ide/tools/bin/../lib/gcc/arm-none-eabi/6.3.1/../../../../arm-none-eabi/lib/thumb/v6-m\libcr_c.a(_cr_sbrk.o)
                0x00005db4                _sbrk
 .text._fdopen  0x00005df4       0x74 c:/nxp/mcuxpressoide_10.1.1_606/ide/tools/bin/../lib/gcc/arm-none-eabi/6.3.1/../../../../arm-none-eabi/lib/thumb/v6-m\libcr_c.a(_fdopen.o)
                0x00005df4                _fdopen
 .text.fclose   0x00005e68       0x5c c:/nxp/mcuxpressoide_10.1.1_606/ide/tools/bin/../lib/gcc/arm-none-eabi/6.3.1/../../../../arm-none-eabi/lib/thumb/v6-m\libcr_c.a(fclose.o)
                0x00005e68                fclose
 .text.fflush   0x00005ec4       0x44 c:/nxp/mcuxpressoide_10.1.1_606/ide/tools/bin/../lib/gcc/arm-none-eabi/6.3.1/../../../../arm-none-eabi/lib/thumb/v6-m\libcr_c.a(fflush.o)
                0x00005ec4                fflush
 .text.remove   0x00005f08       0x12 c:/nxp/mcuxpressoide_10.1.1_606/ide/tools/bin/../lib/gcc/arm-none-eabi/6.3.1/../../../../arm-none-eabi/lib/thumb/v6-m\libcr_c.a(remove.o)
                0x00005f08                remove
 *fill*         0x00005f1a        0x2 ff
 .text.__check_heap_overflow
                0x00005f1c       0x18 c:/nxp/mcuxpressoide_10.1.1_606/ide/tools/bin/../lib/gcc/arm-none-eabi/6.3.1/../../../../arm-none-eabi/lib/thumb/v6-m\libcr_c.a(_cr_check_heap.o)
                0x00005f1c                __check_heap_overflow
 .text._do_fflush
                0x00005f34       0x44 c:/nxp/mcuxpressoide_10.1.1_606/ide/tools/bin/../lib/gcc/arm-none-eabi/6.3.1/../../../../arm-none-eabi/lib/thumb/v6-m\libcr_c.a(_do_fflush.o)
                0x00005f34                _do_fflush
 .text.__aeabi_division_idivmod
                0x00005f78       0x78 c:/nxp/mcuxpressoide_10.1.1_606/ide/tools/bin/../lib/gcc/arm-none-eabi/6.3.1/thumb/v6-m\libcr_eabihelpers.a(division_32.o)
                0x00005f78                __aeabi_idivmod
                0x00005f78                __aeabi_idiv
                0x00005f7e                __aeabi_uidivmod
                0x00005f7e                __aeabi_uidiv
 .text.__aeabi_division_idiv0
                0x00005ff0        0x2 c:/nxp/mcuxpressoide_10.1.1_606/ide/tools/bin/../lib/gcc/arm-none-eabi/6.3.1/thumb/v6-m\libcr_eabihelpers.a(division_idiv0.o)
                0x00005ff0                __aeabi_idiv0
 .text.__aeabi_memcpy
                0x00005ff2       0x2c c:/nxp/mcuxpressoide_10.1.1_606/ide/tools/bin/../lib/gcc/arm-none-eabi/6.3.1/thumb/v6-m\libcr_eabihelpers.a(memcpy.o)
                0x00005ff2                __aeabi_memcpy4
                0x00005ff2                __aeabi_memcpy8
                0x00005ff2                __aeabi_memcpy
 .text.__aeabi_memset_lowlevel
                0x0000601e       0x2a c:/nxp/mcuxpressoide_10.1.1_606/ide/tools/bin/../lib/gcc/arm-none-eabi/6.3.1/thumb/v6-m\libcr_eabihelpers.a(memcpy.o)
                0x0000601e                __aeabi_lowlevel_memset
 .text.__sys_close
                0x00006048        0xc c:/nxp/mcuxpressoide_10.1.1_606/ide/tools/bin/../lib/gcc/arm-none-eabi/6.3.1/../../../../arm-none-eabi/lib/thumb/v6-m\libcr_semihost_nf.a(__sys_close.o)
                0x00006048                __sys_close
 .text.__sys_flen
                0x00006054        0xc c:/nxp/mcuxpressoide_10.1.1_606/ide/tools/bin/../lib/gcc/arm-none-eabi/6.3.1/../../../../arm-none-eabi/lib/thumb/v6-m\libcr_semihost_nf.a(__sys_flen.o)
                0x00006054                __sys_flen
 .text.__sys_istty
                0x00006060        0xc c:/nxp/mcuxpressoide_10.1.1_606/ide/tools/bin/../lib/gcc/arm-none-eabi/6.3.1/../../../../arm-none-eabi/lib/thumb/v6-m\libcr_semihost_nf.a(__sys_istty.o)
                0x00006060                __sys_istty
 .text.__sys_remove
                0x0000606c        0xc c:/nxp/mcuxpressoide_10.1.1_606/ide/tools/bin/../lib/gcc/arm-none-eabi/6.3.1/../../../../arm-none-eabi/lib/thumb/v6-m\libcr_semihost_nf.a(__sys_remove.o)
                0x0000606c                __sys_remove
 .text.__sys_seek
                0x00006078        0xc c:/nxp/mcuxpressoide_10.1.1_606/ide/tools/bin/../lib/gcc/arm-none-eabi/6.3.1/../../../../arm-none-eabi/lib/thumb/v6-m\libcr_semihost_nf.a(__sys_seek.o)
                0x00006078                __sys_seek
 .text.__sys_tmpnam
                0x00006084        0xc c:/nxp/mcuxpressoide_10.1.1_606/ide/tools/bin/../lib/gcc/arm-none-eabi/6.3.1/../../../../arm-none-eabi/lib/thumb/v6-m\libcr_semihost_nf.a(__sys_tmpnam.o)
                0x00006084                __sys_tmpnam
 .text.__sys_write
                0x00006090        0xc c:/nxp/mcuxpressoide_10.1.1_606/ide/tools/bin/../lib/gcc/arm-none-eabi/6.3.1/../../../../arm-none-eabi/lib/thumb/v6-m\libcr_semihost_nf.a(__sys_write.o)
                0x00006090                __sys_write
 *(.rodata .rodata.* .constdata .constdata.*)
 .rodata        0x0000609c       0x50 ./utilities/fsl_debug_console.o
 .rodata        0x000060ec       0x27 ./utilities/fsl_io.o
 *fill*         0x00006113        0x1 ff
 .rodata        0x00006114       0x80 ./utilities/fsl_log.o
 .rodata        0x00006194      0x108 ./drivers/fsl_clock.o
 .rodata        0x0000629c       0x78 ./drivers/fsl_flash.o
                0x0000629c                kFCCOBx
                0x000062a0                kFPROTL
                0x000062cc                kPFlashDensities
 .rodata        0x00006314      0x4ee ./drivers/fsl_lpuart.o
 *fill*         0x00006802        0x2 ff
 .rodata        0x00006804        0x2 ./drivers/fsl_smc.o
 *fill*         0x00006806        0x2 ff
 .rodata        0x00006808      0x477 ./drivers/fsl_uart.o
 *fill*         0x00006c7f        0x1 ff
 .rodata        0x00006c80       0x30 ./board/clock_config.o
                0x00006c80                mcgliteConfig_BOARD_BootClockRUN
                0x00006c88                simConfig_BOARD_BootClockRUN
                0x00006c90                oscConfig_BOARD_BootClockRUN
                0x00006c98                mcgliteConfig_BOARD_BootClockVLPR
                0x00006ca0                simConfig_BOARD_BootClockVLPR
                0x00006ca8                oscConfig_BOARD_BootClockVLPR
 .rodata.__assertion_failed.str1.1
                0x00006cb0       0x15 c:/nxp/mcuxpressoide_10.1.1_606/ide/tools/bin/../lib/gcc/arm-none-eabi/6.3.1/../../../../arm-none-eabi/lib/thumb/v6-m\libcr_semihost_nf.a(_cr_assert.o)
 *fill*         0x00006cc5        0x3 ff
 .rodata.__num_Ciob_streams
                0x00006cc8        0x4 c:/nxp/mcuxpressoide_10.1.1_606/ide/tools/bin/../lib/gcc/arm-none-eabi/6.3.1/../../../../arm-none-eabi/lib/thumb/v6-m\libcr_semihost_nf.a(__ciob.o)
                0x00006cc8                __num_Ciob_streams
 .rodata._Csys_alloc.str1.1
                0x00006ccc       0x18 c:/nxp/mcuxpressoide_10.1.1_606/ide/tools/bin/../lib/gcc/arm-none-eabi/6.3.1/../../../../arm-none-eabi/lib/thumb/v6-m\libcr_c.a(alloc.o)
 .rodata._initio.str1.1
                0x00006ce4        0x4 c:/nxp/mcuxpressoide_10.1.1_606/ide/tools/bin/../lib/gcc/arm-none-eabi/6.3.1/../../../../arm-none-eabi/lib/thumb/v6-m\libcr_c.a(initio.o)
                0x00006ce8                . = ALIGN (0x4)

.glue_7         0x00006ce8        0x0
 .glue_7        0x00006ce8        0x0 linker stubs

.glue_7t        0x00006ce8        0x0
 .glue_7t       0x00006ce8        0x0 linker stubs

.vfp11_veneer   0x00006ce8        0x0
 .vfp11_veneer  0x00006ce8        0x0 linker stubs

.v4_bx          0x00006ce8        0x0
 .v4_bx         0x00006ce8        0x0 linker stubs

.iplt           0x00006ce8        0x0
 .iplt          0x00006ce8        0x0 ./utilities/fsl_debug_console.o

.rel.dyn        0x00006ce8        0x0
 .rel.iplt      0x00006ce8        0x0 ./utilities/fsl_debug_console.o

.ARM.extab
 *(.ARM.extab* .gnu.linkonce.armextab.*)
                0x00006ce8                __exidx_start = .

.ARM.exidx
 *(.ARM.exidx* .gnu.linkonce.armexidx.*)
                0x00006ce8                __exidx_end = .
                0x00006ce8                _etext = .

.m_usb_data
 *(m_usb_bdt)

.mtb_buffer_default
                0x1fffe000       0x80
 *(.mtb*)
 .mtb.$RAM1     0x1fffe000       0x80 ./source/mtb.o
                0x1fffe000                __mtb_buffer__

.uninit_RESERVED
                0x1fffe080        0x0
 *(.bss.$RESERVED*)
                0x1fffe080                . = ALIGN (0x4)
                0x1fffe080                _end_uninit_RESERVED = .

.data           0x1fffe080       0x18 load address 0x00006ce8
 FILL mask 0xff
                0x1fffe080                _data = .
 *(vtable)
 *(.ramfunc*)
 *(.data*)
 .data          0x1fffe080       0x14 ./source/Project_Complete.o
                0x1fffe080                check1
                0x1fffe081                check2
 .data          0x1fffe094        0x4 ./CMSIS/system_MKL43Z4.o
                0x1fffe094                SystemCoreClock
                0x1fffe098                . = ALIGN (0x4)
                0x1fffe098                _edata = .

.igot.plt       0x1fffe098        0x0 load address 0x00006d00
 .igot.plt      0x1fffe098        0x0 ./utilities/fsl_debug_console.o

.bss            0x1fffe098      0x190 load address 0x00006d00
                0x1fffe098                _bss = .
 *(.bss*)
 .bss           0x1fffe098        0x8 ./utilities/fsl_io.o
 .bss           0x1fffe0a0        0xc ./source/Project_Complete.o
                0x1fffe0a0                count1
                0x1fffe0a4                count2
 .bss           0x1fffe0ac        0x8 ./drivers/fsl_clock.o
                0x1fffe0ac                g_xtal0Freq
                0x1fffe0b0                g_xtal32Freq
 .bss           0x1fffe0b4       0x94 ./drivers/fsl_flash.o
 .bss           0x1fffe148        0xc ./drivers/fsl_lpuart.o
 .bss           0x1fffe154        0x4 ./drivers/fsl_smc.o
 .bss           0x1fffe158       0x10 ./drivers/fsl_uart.o
 .bss.__Ciob    0x1fffe168       0xb4 c:/nxp/mcuxpressoide_10.1.1_606/ide/tools/bin/../lib/gcc/arm-none-eabi/6.3.1/../../../../arm-none-eabi/lib/thumb/v6-m\libcr_semihost_nf.a(__ciob.o)
                0x1fffe168                __Ciob
 .bss.__end_of_heap
                0x1fffe21c        0x4 c:/nxp/mcuxpressoide_10.1.1_606/ide/tools/bin/../lib/gcc/arm-none-eabi/6.3.1/../../../../arm-none-eabi/lib/thumb/v6-m\libcr_c.a(__init_alloc.o)
                0x1fffe21c                __end_of_heap
 .bss.__heaps   0x1fffe220        0x4 c:/nxp/mcuxpressoide_10.1.1_606/ide/tools/bin/../lib/gcc/arm-none-eabi/6.3.1/../../../../arm-none-eabi/lib/thumb/v6-m\libcr_c.a(__init_alloc.o)
                0x1fffe220                __heaps
 .bss.errno     0x1fffe224        0x4 c:/nxp/mcuxpressoide_10.1.1_606/ide/tools/bin/../lib/gcc/arm-none-eabi/6.3.1/../../../../arm-none-eabi/lib/thumb/v6-m\libcr_c.a(errno.o)
                0x1fffe224                errno
 *(COMMON)
                0x1fffe228                . = ALIGN (0x4)
                0x1fffe228                _ebss = .
                [!provide]                PROVIDE (end, .)

.noinit         0x1fffe228        0x0 load address 0x00006d00
                0x1fffe228                _noinit = .
 *(.noinit*)
                0x1fffe228                . = ALIGN (0x4)
                0x1fffe228                _end_noinit = .
                0x00000800                _HeapSize = 0x800

.heap           0x1fffe228      0x800 load address 0x00006d00
                0x1fffe228                _pvHeapStart = .
                0x1fffea28                . = (. + _HeapSize)
 *fill*         0x1fffe228      0x800 
                0x1fffea28                . = ALIGN (0x4)
                0x1fffea28                _pvHeapLimit = .
                0x00000800                _StackSize = 0x800

.heap2stackfill
                0x1fffea28      0x800 load address 0x00006d00
                0x1ffff228                . = (. + _StackSize)
 *fill*         0x1fffea28      0x800 

.stack          0x20005800        0x0
                0x20005800                _vStackBase = .
                0x20005800                . = ALIGN (0x4)
                0x20006000                _vStackTop = (. + _StackSize)
                0x00000000                _image_start = LOADADDR (.text)
                0x00006d00                _image_end = (LOADADDR (.data) + SIZEOF (.data))
                0x00006d00                _image_size = (_image_end - _image_start)
OUTPUT(Project_Complete.axf elf32-littlearm)

.debug_info     0x00000000     0x9efb
 .debug_info    0x00000000      0x2b9 ./utilities/fsl_debug_console.o
 .debug_info    0x000002b9      0xa63 ./utilities/fsl_io.o
 .debug_info    0x00000d1c      0x32f ./utilities/fsl_log.o
 .debug_info    0x0000104b      0x4a2 ./startup/startup_mkl43z4.o
 .debug_info    0x000014ed     0x1106 ./source/Project_Complete.o
 .debug_info    0x000025f3       0x51 ./source/mtb.o
 .debug_info    0x00002644       0x3b ./source/semihost_hardfault.o
 .debug_info    0x0000267f     0x1176 ./drivers/fsl_clock.o
 .debug_info    0x000037f5     0x1987 ./drivers/fsl_flash.o
 .debug_info    0x0000517c     0x1517 ./drivers/fsl_lpuart.o
 .debug_info    0x00006693      0x95a ./drivers/fsl_smc.o
 .debug_info    0x00006fed     0x1512 ./drivers/fsl_uart.o
 .debug_info    0x000084ff      0x738 ./board/board.o
 .debug_info    0x00008c37      0x8ad ./board/clock_config.o
 .debug_info    0x000094e4       0x3b ./board/peripherals.o
 .debug_info    0x0000951f      0x591 ./board/pin_mux.o
 .debug_info    0x00009ab0      0x44b ./CMSIS/system_MKL43Z4.o

.debug_abbrev   0x00000000     0x1d05
 .debug_abbrev  0x00000000       0xfe ./utilities/fsl_debug_console.o
 .debug_abbrev  0x000000fe      0x229 ./utilities/fsl_io.o
 .debug_abbrev  0x00000327      0x177 ./utilities/fsl_log.o
 .debug_abbrev  0x0000049e      0x16d ./startup/startup_mkl43z4.o
 .debug_abbrev  0x0000060b      0x2a2 ./source/Project_Complete.o
 .debug_abbrev  0x000008ad       0x41 ./source/mtb.o
 .debug_abbrev  0x000008ee       0x2f ./source/semihost_hardfault.o
 .debug_abbrev  0x0000091d      0x2d2 ./drivers/fsl_clock.o
 .debug_abbrev  0x00000bef      0x265 ./drivers/fsl_flash.o
 .debug_abbrev  0x00000e54      0x2d4 ./drivers/fsl_lpuart.o
 .debug_abbrev  0x00001128      0x2bd ./drivers/fsl_smc.o
 .debug_abbrev  0x000013e5      0x306 ./drivers/fsl_uart.o
 .debug_abbrev  0x000016eb      0x185 ./board/board.o
 .debug_abbrev  0x00001870      0x195 ./board/clock_config.o
 .debug_abbrev  0x00001a05       0x2f ./board/peripherals.o
 .debug_abbrev  0x00001a34      0x195 ./board/pin_mux.o
 .debug_abbrev  0x00001bc9      0x13c ./CMSIS/system_MKL43Z4.o

.debug_aranges  0x00000000      0x358
 .debug_aranges
                0x00000000       0x20 ./utilities/fsl_debug_console.o
 .debug_aranges
                0x00000020       0x20 ./utilities/fsl_io.o
 .debug_aranges
                0x00000040       0x20 ./utilities/fsl_log.o
 .debug_aranges
                0x00000060      0x160 ./startup/startup_mkl43z4.o
 .debug_aranges
                0x000001c0       0x20 ./source/Project_Complete.o
 .debug_aranges
                0x000001e0       0x18 ./source/mtb.o
 .debug_aranges
                0x000001f8       0x20 ./source/semihost_hardfault.o
 .debug_aranges
                0x00000218       0x20 ./drivers/fsl_clock.o
 .debug_aranges
                0x00000238       0x20 ./drivers/fsl_flash.o
 .debug_aranges
                0x00000258       0x20 ./drivers/fsl_lpuart.o
 .debug_aranges
                0x00000278       0x20 ./drivers/fsl_smc.o
 .debug_aranges
                0x00000298       0x20 ./drivers/fsl_uart.o
 .debug_aranges
                0x000002b8       0x20 ./board/board.o
 .debug_aranges
                0x000002d8       0x20 ./board/clock_config.o
 .debug_aranges
                0x000002f8       0x20 ./board/peripherals.o
 .debug_aranges
                0x00000318       0x20 ./board/pin_mux.o
 .debug_aranges
                0x00000338       0x20 ./CMSIS/system_MKL43Z4.o

.debug_macro    0x00000000     0xcfcc
 .debug_macro   0x00000000      0x139 ./utilities/fsl_debug_console.o
 .debug_macro   0x00000139      0x8da ./utilities/fsl_debug_console.o
 .debug_macro   0x00000a13       0x10 ./utilities/fsl_debug_console.o
 .debug_macro   0x00000a23       0x16 ./utilities/fsl_debug_console.o
 .debug_macro   0x00000a39       0x10 ./utilities/fsl_debug_console.o
 .debug_macro   0x00000a49      0x12d ./utilities/fsl_debug_console.o
 .debug_macro   0x00000b76       0x28 ./utilities/fsl_debug_console.o
 .debug_macro   0x00000b9e       0x16 ./utilities/fsl_debug_console.o
 .debug_macro   0x00000bb4       0x22 ./utilities/fsl_debug_console.o
 .debug_macro   0x00000bd6      0x5b2 ./utilities/fsl_debug_console.o
 .debug_macro   0x00001188       0x10 ./utilities/fsl_debug_console.o
 .debug_macro   0x00001198       0x3f ./utilities/fsl_debug_console.o
 .debug_macro   0x000011d7       0x1c ./utilities/fsl_debug_console.o
 .debug_macro   0x000011f3       0x22 ./utilities/fsl_debug_console.o
 .debug_macro   0x00001215       0xaf ./utilities/fsl_debug_console.o
 .debug_macro   0x000012c4      0x37c ./utilities/fsl_debug_console.o
 .debug_macro   0x00001640       0x3e ./utilities/fsl_debug_console.o
 .debug_macro   0x0000167e     0x8f6f ./utilities/fsl_debug_console.o
 .debug_macro   0x0000a5ed     0x142e ./utilities/fsl_debug_console.o
 .debug_macro   0x0000ba1b       0x46 ./utilities/fsl_debug_console.o
 .debug_macro   0x0000ba61       0xf9 ./utilities/fsl_debug_console.o
 .debug_macro   0x0000bb5a       0x5f ./utilities/fsl_debug_console.o
 .debug_macro   0x0000bbb9       0xd2 ./utilities/fsl_debug_console.o
 .debug_macro   0x0000bc8b       0x1c ./utilities/fsl_debug_console.o
 .debug_macro   0x0000bca7       0x43 ./utilities/fsl_debug_console.o
 .debug_macro   0x0000bcea      0x110 ./utilities/fsl_io.o
 .debug_macro   0x0000bdfa       0x1c ./utilities/fsl_io.o
 .debug_macro   0x0000be16       0x10 ./utilities/fsl_io.o
 .debug_macro   0x0000be26       0x10 ./utilities/fsl_io.o
 .debug_macro   0x0000be36      0x134 ./utilities/fsl_log.o
 .debug_macro   0x0000bf6a       0x29 ./startup/startup_mkl43z4.o
 .debug_macro   0x0000bf93      0x134 ./source/Project_Complete.o
 .debug_macro   0x0000c0c7       0xd8 ./source/Project_Complete.o
 .debug_macro   0x0000c19f       0x10 ./source/Project_Complete.o
 .debug_macro   0x0000c1af       0x10 ./source/Project_Complete.o
 .debug_macro   0x0000c1bf      0x140 ./source/Project_Complete.o
 .debug_macro   0x0000c2ff       0x16 ./source/Project_Complete.o
 .debug_macro   0x0000c315       0x2f ./source/mtb.o
 .debug_macro   0x0000c344       0x82 ./source/mtb.o
 .debug_macro   0x0000c3c6       0x10 ./source/mtb.o
 .debug_macro   0x0000c3d6       0x11 ./source/semihost_hardfault.o
 .debug_macro   0x0000c3e7      0x11b ./drivers/fsl_clock.o
 .debug_macro   0x0000c502      0x36d ./drivers/fsl_flash.o
 .debug_macro   0x0000c86f       0x43 ./drivers/fsl_flash.o
 .debug_macro   0x0000c8b2       0xef ./drivers/fsl_lpuart.o
 .debug_macro   0x0000c9a1       0xf8 ./drivers/fsl_smc.o
 .debug_macro   0x0000ca99       0x49 ./drivers/fsl_smc.o
 .debug_macro   0x0000cae2       0xf5 ./drivers/fsl_uart.o
 .debug_macro   0x0000cbd7      0x12e ./board/board.o
 .debug_macro   0x0000cd05      0x114 ./board/clock_config.o
 .debug_macro   0x0000ce19       0x1b ./board/peripherals.o
 .debug_macro   0x0000ce34       0xf1 ./board/pin_mux.o
 .debug_macro   0x0000cf25       0x10 ./board/pin_mux.o
 .debug_macro   0x0000cf35       0x97 ./CMSIS/system_MKL43Z4.o

.debug_line     0x00000000     0x3247
 .debug_line    0x00000000      0x30f ./utilities/fsl_debug_console.o
 .debug_line    0x0000030f      0x35e ./utilities/fsl_io.o
 .debug_line    0x0000066d      0x324 ./utilities/fsl_log.o
 .debug_line    0x00000991      0x128 ./startup/startup_mkl43z4.o
 .debug_line    0x00000ab9      0x483 ./source/Project_Complete.o
 .debug_line    0x00000f3c       0x95 ./source/mtb.o
 .debug_line    0x00000fd1       0x54 ./source/semihost_hardfault.o
 .debug_line    0x00001025      0x35f ./drivers/fsl_clock.o
 .debug_line    0x00001384      0x563 ./drivers/fsl_flash.o
 .debug_line    0x000018e7      0x591 ./drivers/fsl_lpuart.o
 .debug_line    0x00001e78      0x395 ./drivers/fsl_smc.o
 .debug_line    0x0000220d      0x577 ./drivers/fsl_uart.o
 .debug_line    0x00002784      0x32e ./board/board.o
 .debug_line    0x00002ab2      0x2d6 ./board/clock_config.o
 .debug_line    0x00002d88       0x58 ./board/peripherals.o
 .debug_line    0x00002de0      0x2bd ./board/pin_mux.o
 .debug_line    0x0000309d      0x1aa ./CMSIS/system_MKL43Z4.o

.debug_str      0x00000000    0x559ff
 .debug_str     0x00000000    0x4ea88 ./utilities/fsl_debug_console.o
                              0x4ec9e (size before relaxing)
 .debug_str     0x0004ea88      0xcbf ./utilities/fsl_io.o
                              0x4f563 (size before relaxing)
 .debug_str     0x0004f747      0x1d8 ./utilities/fsl_log.o
                              0x4e9a7 (size before relaxing)
 .debug_str     0x0004f91f      0x3f0 ./startup/startup_mkl43z4.o
                               0x2995 (size before relaxing)
 .debug_str     0x0004fd0f     0x1144 ./source/Project_Complete.o
                              0x5006b (size before relaxing)
 .debug_str     0x00050e53      0x532 ./source/mtb.o
                               0x2a87 (size before relaxing)
 .debug_str     0x00051385       0x1f ./source/semihost_hardfault.o
                               0x2578 (size before relaxing)
 .debug_str     0x000513a4      0xa61 ./drivers/fsl_clock.o
                              0x4f9cb (size before relaxing)
 .debug_str     0x00051e05     0x2679 ./drivers/fsl_flash.o
                              0x512f7 (size before relaxing)
 .debug_str     0x0005447e      0x8bc ./drivers/fsl_lpuart.o
                              0x4fd2c (size before relaxing)
 .debug_str     0x00054d3a      0x38c ./drivers/fsl_smc.o
                              0x4f241 (size before relaxing)
 .debug_str     0x000550c6      0x457 ./drivers/fsl_uart.o
                              0x4fb15 (size before relaxing)
 .debug_str     0x0005551d       0x4d ./board/board.o
                              0x4f874 (size before relaxing)
 .debug_str     0x0005556a      0x26d ./board/clock_config.o
                              0x4f280 (size before relaxing)
 .debug_str     0x000557d7       0x31 ./board/peripherals.o
                               0x2589 (size before relaxing)
 .debug_str     0x00055808      0x18b ./board/pin_mux.o
                              0x4ea11 (size before relaxing)
 .debug_str     0x00055993       0x6c ./CMSIS/system_MKL43Z4.o
                              0x4dab4 (size before relaxing)

.comment        0x00000000       0x7f
 .comment       0x00000000       0x7f ./utilities/fsl_debug_console.o
                                 0x80 (size before relaxing)
 .comment       0x0000007f       0x80 ./utilities/fsl_io.o
 .comment       0x0000007f       0x80 ./utilities/fsl_log.o
 .comment       0x0000007f       0x80 ./startup/startup_mkl43z4.o
 .comment       0x0000007f       0x80 ./source/Project_Complete.o
 .comment       0x0000007f       0x80 ./source/mtb.o
 .comment       0x0000007f       0x80 ./source/semihost_hardfault.o
 .comment       0x0000007f       0x80 ./drivers/fsl_clock.o
 .comment       0x0000007f       0x80 ./drivers/fsl_flash.o
 .comment       0x0000007f       0x80 ./drivers/fsl_lpuart.o
 .comment       0x0000007f       0x80 ./drivers/fsl_smc.o
 .comment       0x0000007f       0x80 ./drivers/fsl_uart.o
 .comment       0x0000007f       0x80 ./board/board.o
 .comment       0x0000007f       0x80 ./board/clock_config.o
 .comment       0x0000007f       0x80 ./board/peripherals.o
 .comment       0x0000007f       0x80 ./board/pin_mux.o
 .comment       0x0000007f       0x80 ./CMSIS/system_MKL43Z4.o
 .comment       0x0000007f       0x80 c:/nxp/mcuxpressoide_10.1.1_606/ide/tools/bin/../lib/gcc/arm-none-eabi/6.3.1/../../../../arm-none-eabi/lib/thumb/v6-m\libcr_semihost_nf.a(_cr__main.o)
 .comment       0x0000007f       0x80 c:/nxp/mcuxpressoide_10.1.1_606/ide/tools/bin/../lib/gcc/arm-none-eabi/6.3.1/../../../../arm-none-eabi/lib/thumb/v6-m\libcr_semihost_nf.a(_cr_assert.o)
 .comment       0x0000007f       0x80 c:/nxp/mcuxpressoide_10.1.1_606/ide/tools/bin/../lib/gcc/arm-none-eabi/6.3.1/../../../../arm-none-eabi/lib/thumb/v6-m\libcr_semihost_nf.a(__ciob.o)
 .comment       0x0000007f       0x80 c:/nxp/mcuxpressoide_10.1.1_606/ide/tools/bin/../lib/gcc/arm-none-eabi/6.3.1/../../../../arm-none-eabi/lib/thumb/v6-m\libcr_c.a(memcpy.o)
 .comment       0x0000007f       0x80 c:/nxp/mcuxpressoide_10.1.1_606/ide/tools/bin/../lib/gcc/arm-none-eabi/6.3.1/../../../../arm-none-eabi/lib/thumb/v6-m\libcr_c.a(memset.o)
 .comment       0x0000007f       0x80 c:/nxp/mcuxpressoide_10.1.1_606/ide/tools/bin/../lib/gcc/arm-none-eabi/6.3.1/../../../../arm-none-eabi/lib/thumb/v6-m\libcr_c.a(_deferredlazyseek.o)
 .comment       0x0000007f       0x80 c:/nxp/mcuxpressoide_10.1.1_606/ide/tools/bin/../lib/gcc/arm-none-eabi/6.3.1/../../../../arm-none-eabi/lib/thumb/v6-m\libcr_c.a(_fflush.o)
 .comment       0x0000007f       0x80 c:/nxp/mcuxpressoide_10.1.1_606/ide/tools/bin/../lib/gcc/arm-none-eabi/6.3.1/../../../../arm-none-eabi/lib/thumb/v6-m\libcr_c.a(_writebuf.o)
 .comment       0x0000007f       0x80 c:/nxp/mcuxpressoide_10.1.1_606/ide/tools/bin/../lib/gcc/arm-none-eabi/6.3.1/../../../../arm-none-eabi/lib/thumb/v6-m\libcr_c.a(alloc.o)
 .comment       0x0000007f       0x80 c:/nxp/mcuxpressoide_10.1.1_606/ide/tools/bin/../lib/gcc/arm-none-eabi/6.3.1/../../../../arm-none-eabi/lib/thumb/v6-m\libcr_c.a(fputs.o)
 .comment       0x0000007f       0x80 c:/nxp/mcuxpressoide_10.1.1_606/ide/tools/bin/../lib/gcc/arm-none-eabi/6.3.1/../../../../arm-none-eabi/lib/thumb/v6-m\libcr_c.a(fseek.o)
 .comment       0x0000007f       0x80 c:/nxp/mcuxpressoide_10.1.1_606/ide/tools/bin/../lib/gcc/arm-none-eabi/6.3.1/../../../../arm-none-eabi/lib/thumb/v6-m\libcr_c.a(ftell.o)
 .comment       0x0000007f       0x80 c:/nxp/mcuxpressoide_10.1.1_606/ide/tools/bin/../lib/gcc/arm-none-eabi/6.3.1/../../../../arm-none-eabi/lib/thumb/v6-m\libcr_c.a(initio.o)
 .comment       0x0000007f       0x80 c:/nxp/mcuxpressoide_10.1.1_606/ide/tools/bin/../lib/gcc/arm-none-eabi/6.3.1/../../../../arm-none-eabi/lib/thumb/v6-m\libcr_c.a(setvbuf.o)
 .comment       0x0000007f       0x80 c:/nxp/mcuxpressoide_10.1.1_606/ide/tools/bin/../lib/gcc/arm-none-eabi/6.3.1/../../../../arm-none-eabi/lib/thumb/v6-m\libcr_c.a(strlen.o)
 .comment       0x0000007f       0x80 c:/nxp/mcuxpressoide_10.1.1_606/ide/tools/bin/../lib/gcc/arm-none-eabi/6.3.1/../../../../arm-none-eabi/lib/thumb/v6-m\libcr_c.a(__init_alloc.o)
 .comment       0x0000007f       0x80 c:/nxp/mcuxpressoide_10.1.1_606/ide/tools/bin/../lib/gcc/arm-none-eabi/6.3.1/../../../../arm-none-eabi/lib/thumb/v6-m\libcr_c.a(_cr_sbrk.o)
 .comment       0x0000007f       0x80 c:/nxp/mcuxpressoide_10.1.1_606/ide/tools/bin/../lib/gcc/arm-none-eabi/6.3.1/../../../../arm-none-eabi/lib/thumb/v6-m\libcr_c.a(_fdopen.o)
 .comment       0x0000007f       0x80 c:/nxp/mcuxpressoide_10.1.1_606/ide/tools/bin/../lib/gcc/arm-none-eabi/6.3.1/../../../../arm-none-eabi/lib/thumb/v6-m\libcr_c.a(errno.o)
 .comment       0x0000007f       0x80 c:/nxp/mcuxpressoide_10.1.1_606/ide/tools/bin/../lib/gcc/arm-none-eabi/6.3.1/../../../../arm-none-eabi/lib/thumb/v6-m\libcr_c.a(fclose.o)
 .comment       0x0000007f       0x80 c:/nxp/mcuxpressoide_10.1.1_606/ide/tools/bin/../lib/gcc/arm-none-eabi/6.3.1/../../../../arm-none-eabi/lib/thumb/v6-m\libcr_c.a(fflush.o)
 .comment       0x0000007f       0x80 c:/nxp/mcuxpressoide_10.1.1_606/ide/tools/bin/../lib/gcc/arm-none-eabi/6.3.1/../../../../arm-none-eabi/lib/thumb/v6-m\libcr_c.a(remove.o)
 .comment       0x0000007f       0x80 c:/nxp/mcuxpressoide_10.1.1_606/ide/tools/bin/../lib/gcc/arm-none-eabi/6.3.1/../../../../arm-none-eabi/lib/thumb/v6-m\libcr_c.a(_cr_check_heap.o)
 .comment       0x0000007f       0x80 c:/nxp/mcuxpressoide_10.1.1_606/ide/tools/bin/../lib/gcc/arm-none-eabi/6.3.1/../../../../arm-none-eabi/lib/thumb/v6-m\libcr_c.a(_do_fflush.o)

.ARM.attributes
                0x00000000       0x30
 .ARM.attributes
                0x00000000       0x32 ./utilities/fsl_debug_console.o
 .ARM.attributes
                0x00000032       0x32 ./utilities/fsl_io.o
 .ARM.attributes
                0x00000064       0x32 ./utilities/fsl_log.o
 .ARM.attributes
                0x00000096       0x32 ./startup/startup_mkl43z4.o
 .ARM.attributes
                0x000000c8       0x32 ./source/Project_Complete.o
 .ARM.attributes
                0x000000fa       0x32 ./source/mtb.o
 .ARM.attributes
                0x0000012c       0x32 ./source/semihost_hardfault.o
 .ARM.attributes
                0x0000015e       0x32 ./drivers/fsl_clock.o
 .ARM.attributes
                0x00000190       0x32 ./drivers/fsl_flash.o
 .ARM.attributes
                0x000001c2       0x32 ./drivers/fsl_lpuart.o
 .ARM.attributes
                0x000001f4       0x32 ./drivers/fsl_smc.o
 .ARM.attributes
                0x00000226       0x32 ./drivers/fsl_uart.o
 .ARM.attributes
                0x00000258       0x32 ./board/board.o
 .ARM.attributes
                0x0000028a       0x32 ./board/clock_config.o
 .ARM.attributes
                0x000002bc       0x32 ./board/peripherals.o
 .ARM.attributes
                0x000002ee       0x32 ./board/pin_mux.o
 .ARM.attributes
                0x00000320       0x32 ./CMSIS/system_MKL43Z4.o
 .ARM.attributes
                0x00000352       0x31 c:/nxp/mcuxpressoide_10.1.1_606/ide/tools/bin/../lib/gcc/arm-none-eabi/6.3.1/../../../../arm-none-eabi/lib/thumb/v6-m\libcr_semihost_nf.a(_cr__main.o)
 .ARM.attributes
                0x00000383       0x31 c:/nxp/mcuxpressoide_10.1.1_606/ide/tools/bin/../lib/gcc/arm-none-eabi/6.3.1/../../../../arm-none-eabi/lib/thumb/v6-m\libcr_semihost_nf.a(_cr_assert.o)
 .ARM.attributes
                0x000003b4       0x31 c:/nxp/mcuxpressoide_10.1.1_606/ide/tools/bin/../lib/gcc/arm-none-eabi/6.3.1/../../../../arm-none-eabi/lib/thumb/v6-m\libcr_semihost_nf.a(__ciob.o)
 .ARM.attributes
                0x000003e5       0x21 c:/nxp/mcuxpressoide_10.1.1_606/ide/tools/bin/../lib/gcc/arm-none-eabi/6.3.1/../../../../arm-none-eabi/lib/thumb/v6-m\libcr_semihost_nf.a(__sys_appexit.o)
 .ARM.attributes
                0x00000406       0x31 c:/nxp/mcuxpressoide_10.1.1_606/ide/tools/bin/../lib/gcc/arm-none-eabi/6.3.1/../../../../arm-none-eabi/lib/thumb/v6-m\libcr_c.a(memcpy.o)
 .ARM.attributes
                0x00000437       0x31 c:/nxp/mcuxpressoide_10.1.1_606/ide/tools/bin/../lib/gcc/arm-none-eabi/6.3.1/../../../../arm-none-eabi/lib/thumb/v6-m\libcr_c.a(memset.o)
 .ARM.attributes
                0x00000468       0x31 c:/nxp/mcuxpressoide_10.1.1_606/ide/tools/bin/../lib/gcc/arm-none-eabi/6.3.1/../../../../arm-none-eabi/lib/thumb/v6-m\libcr_c.a(_deferredlazyseek.o)
 .ARM.attributes
                0x00000499       0x31 c:/nxp/mcuxpressoide_10.1.1_606/ide/tools/bin/../lib/gcc/arm-none-eabi/6.3.1/../../../../arm-none-eabi/lib/thumb/v6-m\libcr_c.a(_fflush.o)
 .ARM.attributes
                0x000004ca       0x31 c:/nxp/mcuxpressoide_10.1.1_606/ide/tools/bin/../lib/gcc/arm-none-eabi/6.3.1/../../../../arm-none-eabi/lib/thumb/v6-m\libcr_c.a(_writebuf.o)
 .ARM.attributes
                0x000004fb       0x31 c:/nxp/mcuxpressoide_10.1.1_606/ide/tools/bin/../lib/gcc/arm-none-eabi/6.3.1/../../../../arm-none-eabi/lib/thumb/v6-m\libcr_c.a(alloc.o)
 .ARM.attributes
                0x0000052c       0x31 c:/nxp/mcuxpressoide_10.1.1_606/ide/tools/bin/../lib/gcc/arm-none-eabi/6.3.1/../../../../arm-none-eabi/lib/thumb/v6-m\libcr_c.a(fputs.o)
 .ARM.attributes
                0x0000055d       0x31 c:/nxp/mcuxpressoide_10.1.1_606/ide/tools/bin/../lib/gcc/arm-none-eabi/6.3.1/../../../../arm-none-eabi/lib/thumb/v6-m\libcr_c.a(fseek.o)
 .ARM.attributes
                0x0000058e       0x31 c:/nxp/mcuxpressoide_10.1.1_606/ide/tools/bin/../lib/gcc/arm-none-eabi/6.3.1/../../../../arm-none-eabi/lib/thumb/v6-m\libcr_c.a(ftell.o)
 .ARM.attributes
                0x000005bf       0x31 c:/nxp/mcuxpressoide_10.1.1_606/ide/tools/bin/../lib/gcc/arm-none-eabi/6.3.1/../../../../arm-none-eabi/lib/thumb/v6-m\libcr_c.a(initio.o)
 .ARM.attributes
                0x000005f0       0x31 c:/nxp/mcuxpressoide_10.1.1_606/ide/tools/bin/../lib/gcc/arm-none-eabi/6.3.1/../../../../arm-none-eabi/lib/thumb/v6-m\libcr_c.a(setvbuf.o)
 .ARM.attributes
                0x00000621       0x31 c:/nxp/mcuxpressoide_10.1.1_606/ide/tools/bin/../lib/gcc/arm-none-eabi/6.3.1/../../../../arm-none-eabi/lib/thumb/v6-m\libcr_c.a(strlen.o)
 .ARM.attributes
                0x00000652       0x31 c:/nxp/mcuxpressoide_10.1.1_606/ide/tools/bin/../lib/gcc/arm-none-eabi/6.3.1/../../../../arm-none-eabi/lib/thumb/v6-m\libcr_c.a(__init_alloc.o)
 .ARM.attributes
                0x00000683       0x31 c:/nxp/mcuxpressoide_10.1.1_606/ide/tools/bin/../lib/gcc/arm-none-eabi/6.3.1/../../../../arm-none-eabi/lib/thumb/v6-m\libcr_c.a(_cr_sbrk.o)
 .ARM.attributes
                0x000006b4       0x31 c:/nxp/mcuxpressoide_10.1.1_606/ide/tools/bin/../lib/gcc/arm-none-eabi/6.3.1/../../../../arm-none-eabi/lib/thumb/v6-m\libcr_c.a(_fdopen.o)
 .ARM.attributes
                0x000006e5       0x31 c:/nxp/mcuxpressoide_10.1.1_606/ide/tools/bin/../lib/gcc/arm-none-eabi/6.3.1/../../../../arm-none-eabi/lib/thumb/v6-m\libcr_c.a(errno.o)
 .ARM.attributes
                0x00000716       0x31 c:/nxp/mcuxpressoide_10.1.1_606/ide/tools/bin/../lib/gcc/arm-none-eabi/6.3.1/../../../../arm-none-eabi/lib/thumb/v6-m\libcr_c.a(fclose.o)
 .ARM.attributes
                0x00000747       0x31 c:/nxp/mcuxpressoide_10.1.1_606/ide/tools/bin/../lib/gcc/arm-none-eabi/6.3.1/../../../../arm-none-eabi/lib/thumb/v6-m\libcr_c.a(fflush.o)
 .ARM.attributes
                0x00000778       0x31 c:/nxp/mcuxpressoide_10.1.1_606/ide/tools/bin/../lib/gcc/arm-none-eabi/6.3.1/../../../../arm-none-eabi/lib/thumb/v6-m\libcr_c.a(remove.o)
 .ARM.attributes
                0x000007a9       0x31 c:/nxp/mcuxpressoide_10.1.1_606/ide/tools/bin/../lib/gcc/arm-none-eabi/6.3.1/../../../../arm-none-eabi/lib/thumb/v6-m\libcr_c.a(_cr_check_heap.o)
 .ARM.attributes
                0x000007da       0x31 c:/nxp/mcuxpressoide_10.1.1_606/ide/tools/bin/../lib/gcc/arm-none-eabi/6.3.1/../../../../arm-none-eabi/lib/thumb/v6-m\libcr_c.a(_do_fflush.o)
 .ARM.attributes
                0x0000080b       0x21 c:/nxp/mcuxpressoide_10.1.1_606/ide/tools/bin/../lib/gcc/arm-none-eabi/6.3.1/thumb/v6-m\libcr_eabihelpers.a(division_32.o)
 .ARM.attributes
                0x0000082c       0x21 c:/nxp/mcuxpressoide_10.1.1_606/ide/tools/bin/../lib/gcc/arm-none-eabi/6.3.1/thumb/v6-m\libcr_eabihelpers.a(division_idiv0.o)
 .ARM.attributes
                0x0000084d       0x21 c:/nxp/mcuxpressoide_10.1.1_606/ide/tools/bin/../lib/gcc/arm-none-eabi/6.3.1/thumb/v6-m\libcr_eabihelpers.a(memcpy.o)
 .ARM.attributes
                0x0000086e       0x21 c:/nxp/mcuxpressoide_10.1.1_606/ide/tools/bin/../lib/gcc/arm-none-eabi/6.3.1/../../../../arm-none-eabi/lib/thumb/v6-m\libcr_semihost_nf.a(__sys_close.o)
 .ARM.attributes
                0x0000088f       0x21 c:/nxp/mcuxpressoide_10.1.1_606/ide/tools/bin/../lib/gcc/arm-none-eabi/6.3.1/../../../../arm-none-eabi/lib/thumb/v6-m\libcr_semihost_nf.a(__sys_flen.o)
 .ARM.attributes
                0x000008b0       0x21 c:/nxp/mcuxpressoide_10.1.1_606/ide/tools/bin/../lib/gcc/arm-none-eabi/6.3.1/../../../../arm-none-eabi/lib/thumb/v6-m\libcr_semihost_nf.a(__sys_istty.o)
 .ARM.attributes
                0x000008d1       0x21 c:/nxp/mcuxpressoide_10.1.1_606/ide/tools/bin/../lib/gcc/arm-none-eabi/6.3.1/../../../../arm-none-eabi/lib/thumb/v6-m\libcr_semihost_nf.a(__sys_remove.o)
 .ARM.attributes
                0x000008f2       0x21 c:/nxp/mcuxpressoide_10.1.1_606/ide/tools/bin/../lib/gcc/arm-none-eabi/6.3.1/../../../../arm-none-eabi/lib/thumb/v6-m\libcr_semihost_nf.a(__sys_seek.o)
 .ARM.attributes
                0x00000913       0x21 c:/nxp/mcuxpressoide_10.1.1_606/ide/tools/bin/../lib/gcc/arm-none-eabi/6.3.1/../../../../arm-none-eabi/lib/thumb/v6-m\libcr_semihost_nf.a(__sys_tmpnam.o)
 .ARM.attributes
                0x00000934       0x21 c:/nxp/mcuxpressoide_10.1.1_606/ide/tools/bin/../lib/gcc/arm-none-eabi/6.3.1/../../../../arm-none-eabi/lib/thumb/v6-m\libcr_semihost_nf.a(__sys_write.o)

.debug_frame    0x00000000     0x1b94
 .debug_frame   0x00000000       0x68 ./utilities/fsl_debug_console.o
 .debug_frame   0x00000068      0x108 ./utilities/fsl_io.o
 .debug_frame   0x00000170      0x108 ./utilities/fsl_log.o
 .debug_frame   0x00000278      0x3b0 ./startup/startup_mkl43z4.o
 .debug_frame   0x00000628      0x1b8 ./source/Project_Complete.o
 .debug_frame   0x000007e0       0x20 ./source/semihost_hardfault.o
 .debug_frame   0x00000800      0x2d8 ./drivers/fsl_clock.o
 .debug_frame   0x00000ad8      0x490 ./drivers/fsl_flash.o
 .debug_frame   0x00000f68      0x428 ./drivers/fsl_lpuart.o
 .debug_frame   0x00001390      0x1c8 ./drivers/fsl_smc.o
 .debug_frame   0x00001558      0x42c ./drivers/fsl_uart.o
 .debug_frame   0x00001984       0x50 ./board/board.o
 .debug_frame   0x000019d4       0xc0 ./board/clock_config.o
 .debug_frame   0x00001a94       0x2c ./board/peripherals.o
 .debug_frame   0x00001ac0       0x88 ./board/pin_mux.o
 .debug_frame   0x00001b48       0x4c ./CMSIS/system_MKL43Z4.o

.debug_ranges   0x00000000      0x150
 .debug_ranges  0x00000000      0x150 ./startup/startup_mkl43z4.o
